src/modules/contable/Configuracion.tsx(834,1): error TS1128: Declaration or statement expected.
